// Jest Snapshot v1, https://goo.gl/fbAQLP

exports[`Menu should create a snapshot of menu 1`] = `
<nav>
  <h1>
    What's 
    <span>
      New?
    </span>
  </h1>
  <button
    className="localNews menu-btn"
    onClick={[Function]}
    type="button"
  >
    <img
      alt="local icon"
      className="icon"
      src="local.svg"
    />
    Local News
  </button>
  <button
    className="technologyNews menu-btn"
    onClick={[Function]}
    type="button"
  >
    <img
      alt="technology icon"
      className="icon"
      src="technology.svg"
    />
    Technology
  </button>
  <button
    className="entertainmentNews menu-btn"
    onClick={[Function]}
    type="button"
  >
    <img
      alt="entertainment icon"
      className="icon"
      src="entertainment.svg"
    />
    Entertainment
  </button>
  <button
    className="scienceNews menu-btn"
    onClick={[Function]}
    type="button"
  >
    <img
      alt="science icon"
      className="icon"
      src="science.svg"
    />
    Science
  </button>
  <button
    className="healthNews menu-btn"
    onClick={[Function]}
    type="button"
  >
    <img
      alt="health icon"
      className="icon"
      src="health.svg"
    />
    Health
  </button>
</nav>
`;
