// Jest Snapshot v1, https://goo.gl/fbAQLP

exports[`Menu should create a snapshot of menu 1`] = `
<nav>
  <h1>
    What's 
    <span>
      New?
    </span>
  </h1>
  <button
    type="button"
  >
    IMG Local News
  </button>
  <button
    type="button"
  >
    IMG Technology
  </button>
  <button
    type="button"
  >
    IMG Entertainment
  </button>
  <button
    type="button"
  >
    IMG Science
  </button>
  <button
    type="button"
  >
    IMG Health
  </button>
</nav>
`;
